// Jest Snapshot v1, https://goo.gl/fbAQLP

exports[`ProverbForTheDayStack should match snapshot 1`] = `
{
  "Outputs": {
    "proverbforthedayapiEndpoint77971F2D": {
      "Value": {
        "Fn::Join": [
          "",
          [
            "https://",
            {
              "Ref": "proverbforthedayapi6FFFAEB6",
            },
            ".execute-api.",
            {
              "Ref": "AWS::Region",
            },
            ".",
            {
              "Ref": "AWS::URLSuffix",
            },
            "/",
            {
              "Ref": "proverbforthedayapiDeploymentStageprodBEAAC809",
            },
            "/",
          ],
        ],
      },
    },
  },
  "Parameters": {
    "BootstrapVersion": {
      "Default": "/cdk-bootstrap/hnb659fds/version",
      "Description": "Version of the CDK Bootstrap resources in this environment, automatically retrieved from SSM Parameter Store. [cdk:skip]",
      "Type": "AWS::SSM::Parameter::Value<String>",
    },
  },
  "Resources": {
    "apibiblesecret0F5BE30F": {
      "DeletionPolicy": "Delete",
      "Properties": {
        "GenerateSecretString": {},
        "Name": "api-bible-credentials",
      },
      "Type": "AWS::SecretsManager::Secret",
      "UpdateReplacePolicy": "Delete",
    },
    "checkuserexists488D9724": {
      "DependsOn": [
        "checkuserexistsServiceRoleDefaultPolicyD416E2A9",
        "checkuserexistsServiceRole1501E617",
      ],
      "Properties": {
        "Code": {
          "S3Bucket": {
            "Fn::Sub": "cdk-hnb659fds-assets-\${AWS::AccountId}-\${AWS::Region}",
          },
          "S3Key": "1c9d31cd9e65accc228d2537b57f0ba52310b90438d17079a03f0d8048127776.zip",
        },
        "Environment": {
          "Variables": {
            "USER_POOL_ID": {
              "Fn::ImportValue": "UserMgmt:ExportsOutputReflemueluserpool9CAE2591D8756CD7",
            },
          },
        },
        "FunctionName": "check-user-exists",
        "Handler": "index.handler",
        "Role": {
          "Fn::GetAtt": [
            "checkuserexistsServiceRole1501E617",
            "Arn",
          ],
        },
        "Runtime": "nodejs22.x",
      },
      "Type": "AWS::Lambda::Function",
    },
    "checkuserexistsServiceRole1501E617": {
      "Properties": {
        "AssumeRolePolicyDocument": {
          "Statement": [
            {
              "Action": "sts:AssumeRole",
              "Effect": "Allow",
              "Principal": {
                "Service": "lambda.amazonaws.com",
              },
            },
          ],
          "Version": "2012-10-17",
        },
        "ManagedPolicyArns": [
          {
            "Fn::Join": [
              "",
              [
                "arn:",
                {
                  "Ref": "AWS::Partition",
                },
                ":iam::aws:policy/service-role/AWSLambdaBasicExecutionRole",
              ],
            ],
          },
        ],
      },
      "Type": "AWS::IAM::Role",
    },
    "checkuserexistsServiceRoleDefaultPolicyD416E2A9": {
      "Properties": {
        "PolicyDocument": {
          "Statement": [
            {
              "Action": "cognito-idp:AdminGetUser",
              "Effect": "Allow",
              "Resource": {
                "Fn::Join": [
                  "",
                  [
                    "arn:aws:cognito-idp:",
                    {
                      "Ref": "AWS::Region",
                    },
                    ":",
                    {
                      "Ref": "AWS::AccountId",
                    },
                    ":userpool/",
                    {
                      "Fn::ImportValue": "UserMgmt:ExportsOutputReflemueluserpool9CAE2591D8756CD7",
                    },
                  ],
                ],
              },
            },
          ],
          "Version": "2012-10-17",
        },
        "PolicyName": "checkuserexistsServiceRoleDefaultPolicyD416E2A9",
        "Roles": [
          {
            "Ref": "checkuserexistsServiceRole1501E617",
          },
        ],
      },
      "Type": "AWS::IAM::Policy",
    },
    "chooseproverb54249DA0": {
      "DependsOn": [
        "chooseproverbServiceRoleDefaultPolicy63B799AC",
        "chooseproverbServiceRoleE18C191A",
      ],
      "Properties": {
        "Code": {
          "S3Bucket": {
            "Fn::Sub": "cdk-hnb659fds-assets-\${AWS::AccountId}-\${AWS::Region}",
          },
          "S3Key": "84703230122950e35edaea93ceffca3614ab8635c46c29bee1ddca239e6ed5ae.zip",
        },
        "Environment": {
          "Variables": {
            "TABLE_NAME": {
              "Ref": "proverbsstore7682A597",
            },
          },
        },
        "FunctionName": "choose-proverb",
        "Handler": "index.handler",
        "Role": {
          "Fn::GetAtt": [
            "chooseproverbServiceRoleE18C191A",
            "Arn",
          ],
        },
        "Runtime": "nodejs22.x",
      },
      "Type": "AWS::Lambda::Function",
    },
    "chooseproverbServiceRoleDefaultPolicy63B799AC": {
      "Properties": {
        "PolicyDocument": {
          "Statement": [
            {
              "Action": [
                "dynamodb:BatchGetItem",
                "dynamodb:Query",
                "dynamodb:GetItem",
                "dynamodb:Scan",
                "dynamodb:ConditionCheckItem",
                "dynamodb:BatchWriteItem",
                "dynamodb:PutItem",
                "dynamodb:UpdateItem",
                "dynamodb:DeleteItem",
                "dynamodb:DescribeTable",
              ],
              "Effect": "Allow",
              "Resource": [
                {
                  "Fn::GetAtt": [
                    "proverbsstore7682A597",
                    "Arn",
                  ],
                },
                {
                  "Fn::Join": [
                    "",
                    [
                      {
                        "Fn::GetAtt": [
                          "proverbsstore7682A597",
                          "Arn",
                        ],
                      },
                      "/index/*",
                    ],
                  ],
                },
              ],
            },
            {
              "Action": [
                "dynamodb:GetRecords",
                "dynamodb:GetShardIterator",
              ],
              "Effect": "Allow",
              "Resource": [
                {
                  "Fn::GetAtt": [
                    "proverbsstore7682A597",
                    "Arn",
                  ],
                },
                {
                  "Fn::Join": [
                    "",
                    [
                      {
                        "Fn::GetAtt": [
                          "proverbsstore7682A597",
                          "Arn",
                        ],
                      },
                      "/index/*",
                    ],
                  ],
                },
              ],
            },
          ],
          "Version": "2012-10-17",
        },
        "PolicyName": "chooseproverbServiceRoleDefaultPolicy63B799AC",
        "Roles": [
          {
            "Ref": "chooseproverbServiceRoleE18C191A",
          },
        ],
      },
      "Type": "AWS::IAM::Policy",
    },
    "chooseproverbServiceRoleE18C191A": {
      "Properties": {
        "AssumeRolePolicyDocument": {
          "Statement": [
            {
              "Action": "sts:AssumeRole",
              "Effect": "Allow",
              "Principal": {
                "Service": "lambda.amazonaws.com",
              },
            },
          ],
          "Version": "2012-10-17",
        },
        "ManagedPolicyArns": [
          {
            "Fn::Join": [
              "",
              [
                "arn:",
                {
                  "Ref": "AWS::Partition",
                },
                ":iam::aws:policy/service-role/AWSLambdaBasicExecutionRole",
              ],
            ],
          },
        ],
      },
      "Type": "AWS::IAM::Role",
    },
    "fetchproverbsforversion4C784619": {
      "DependsOn": [
        "fetchproverbsforversionServiceRoleDefaultPolicyDEC1A29A",
        "fetchproverbsforversionServiceRole16042134",
      ],
      "Properties": {
        "Code": {
          "S3Bucket": {
            "Fn::Sub": "cdk-hnb659fds-assets-\${AWS::AccountId}-\${AWS::Region}",
          },
          "S3Key": "07eb2ce9ef6921597bc6ccd83aad4db872427228a9aa0275aef458040e2170a4.zip",
        },
        "Environment": {
          "Variables": {
            "API_BIBLE_SECRET_NAME": {
              "Fn::Join": [
                "-",
                [
                  {
                    "Fn::Select": [
                      0,
                      {
                        "Fn::Split": [
                          "-",
                          {
                            "Fn::Select": [
                              6,
                              {
                                "Fn::Split": [
                                  ":",
                                  {
                                    "Ref": "apibiblesecret0F5BE30F",
                                  },
                                ],
                              },
                            ],
                          },
                        ],
                      },
                    ],
                  },
                  {
                    "Fn::Select": [
                      1,
                      {
                        "Fn::Split": [
                          "-",
                          {
                            "Fn::Select": [
                              6,
                              {
                                "Fn::Split": [
                                  ":",
                                  {
                                    "Ref": "apibiblesecret0F5BE30F",
                                  },
                                ],
                              },
                            ],
                          },
                        ],
                      },
                    ],
                  },
                  {
                    "Fn::Select": [
                      2,
                      {
                        "Fn::Split": [
                          "-",
                          {
                            "Fn::Select": [
                              6,
                              {
                                "Fn::Split": [
                                  ":",
                                  {
                                    "Ref": "apibiblesecret0F5BE30F",
                                  },
                                ],
                              },
                            ],
                          },
                        ],
                      },
                    ],
                  },
                ],
              ],
            },
          },
        },
        "FunctionName": "fetch-proverbs-for-version",
        "Handler": "index.handler",
        "Role": {
          "Fn::GetAtt": [
            "fetchproverbsforversionServiceRole16042134",
            "Arn",
          ],
        },
        "Runtime": "nodejs22.x",
        "Timeout": 60,
      },
      "Type": "AWS::Lambda::Function",
    },
    "fetchproverbsforversionServiceRole16042134": {
      "Properties": {
        "AssumeRolePolicyDocument": {
          "Statement": [
            {
              "Action": "sts:AssumeRole",
              "Effect": "Allow",
              "Principal": {
                "Service": "lambda.amazonaws.com",
              },
            },
          ],
          "Version": "2012-10-17",
        },
        "ManagedPolicyArns": [
          {
            "Fn::Join": [
              "",
              [
                "arn:",
                {
                  "Ref": "AWS::Partition",
                },
                ":iam::aws:policy/service-role/AWSLambdaBasicExecutionRole",
              ],
            ],
          },
        ],
      },
      "Type": "AWS::IAM::Role",
    },
    "fetchproverbsforversionServiceRoleDefaultPolicyDEC1A29A": {
      "Properties": {
        "PolicyDocument": {
          "Statement": [
            {
              "Action": [
                "secretsmanager:GetSecretValue",
                "secretsmanager:DescribeSecret",
              ],
              "Effect": "Allow",
              "Resource": {
                "Ref": "apibiblesecret0F5BE30F",
              },
            },
          ],
          "Version": "2012-10-17",
        },
        "PolicyName": "fetchproverbsforversionServiceRoleDefaultPolicyDEC1A29A",
        "Roles": [
          {
            "Ref": "fetchproverbsforversionServiceRole16042134",
          },
        ],
      },
      "Type": "AWS::IAM::Policy",
    },
    "getproverb58091E74": {
      "DependsOn": [
        "getproverbServiceRoleDefaultPolicy57741BF4",
        "getproverbServiceRoleDDADE42F",
      ],
      "Properties": {
        "Code": {
          "S3Bucket": {
            "Fn::Sub": "cdk-hnb659fds-assets-\${AWS::AccountId}-\${AWS::Region}",
          },
          "S3Key": "79630726cd013a271534c32d3a4280534de6baf0bfd6583f9d982b680d8535fe.zip",
        },
        "Environment": {
          "Variables": {
            "TABLE_NAME": {
              "Ref": "proverbsstore7682A597",
            },
          },
        },
        "FunctionName": "get-proverb",
        "Handler": "index.handler",
        "Role": {
          "Fn::GetAtt": [
            "getproverbServiceRoleDDADE42F",
            "Arn",
          ],
        },
        "Runtime": "nodejs22.x",
      },
      "Type": "AWS::Lambda::Function",
    },
    "getproverbServiceRoleDDADE42F": {
      "Properties": {
        "AssumeRolePolicyDocument": {
          "Statement": [
            {
              "Action": "sts:AssumeRole",
              "Effect": "Allow",
              "Principal": {
                "Service": "lambda.amazonaws.com",
              },
            },
          ],
          "Version": "2012-10-17",
        },
        "ManagedPolicyArns": [
          {
            "Fn::Join": [
              "",
              [
                "arn:",
                {
                  "Ref": "AWS::Partition",
                },
                ":iam::aws:policy/service-role/AWSLambdaBasicExecutionRole",
              ],
            ],
          },
        ],
      },
      "Type": "AWS::IAM::Role",
    },
    "getproverbServiceRoleDefaultPolicy57741BF4": {
      "Properties": {
        "PolicyDocument": {
          "Statement": [
            {
              "Action": [
                "dynamodb:BatchGetItem",
                "dynamodb:Query",
                "dynamodb:GetItem",
                "dynamodb:Scan",
                "dynamodb:ConditionCheckItem",
                "dynamodb:DescribeTable",
              ],
              "Effect": "Allow",
              "Resource": [
                {
                  "Fn::GetAtt": [
                    "proverbsstore7682A597",
                    "Arn",
                  ],
                },
                {
                  "Fn::Join": [
                    "",
                    [
                      {
                        "Fn::GetAtt": [
                          "proverbsstore7682A597",
                          "Arn",
                        ],
                      },
                      "/index/*",
                    ],
                  ],
                },
              ],
            },
            {
              "Action": [
                "dynamodb:GetRecords",
                "dynamodb:GetShardIterator",
              ],
              "Effect": "Allow",
              "Resource": [
                {
                  "Fn::GetAtt": [
                    "proverbsstore7682A597",
                    "Arn",
                  ],
                },
                {
                  "Fn::Join": [
                    "",
                    [
                      {
                        "Fn::GetAtt": [
                          "proverbsstore7682A597",
                          "Arn",
                        ],
                      },
                      "/index/*",
                    ],
                  ],
                },
              ],
            },
          ],
          "Version": "2012-10-17",
        },
        "PolicyName": "getproverbServiceRoleDefaultPolicy57741BF4",
        "Roles": [
          {
            "Ref": "getproverbServiceRoleDDADE42F",
          },
        ],
      },
      "Type": "AWS::IAM::Policy",
    },
    "loadproverbs4682488D": {
      "DependsOn": [
        "loadproverbsServiceRoleDefaultPolicy20ACD3FD",
        "loadproverbsServiceRole4F1AF3C1",
      ],
      "Properties": {
        "Code": {
          "S3Bucket": {
            "Fn::Sub": "cdk-hnb659fds-assets-\${AWS::AccountId}-\${AWS::Region}",
          },
          "S3Key": "fd2aecc9a1ad1d49da59a1468954a15dc8b58ea3731879648ca8a0f8e633dfe6.zip",
        },
        "Environment": {
          "Variables": {
            "TABLE_NAME": {
              "Ref": "proverbsstore7682A597",
            },
          },
        },
        "FunctionName": "load-proverbs",
        "Handler": "index.handler",
        "Role": {
          "Fn::GetAtt": [
            "loadproverbsServiceRole4F1AF3C1",
            "Arn",
          ],
        },
        "Runtime": "nodejs22.x",
      },
      "Type": "AWS::Lambda::Function",
    },
    "loadproverbsServiceRole4F1AF3C1": {
      "Properties": {
        "AssumeRolePolicyDocument": {
          "Statement": [
            {
              "Action": "sts:AssumeRole",
              "Effect": "Allow",
              "Principal": {
                "Service": "lambda.amazonaws.com",
              },
            },
          ],
          "Version": "2012-10-17",
        },
        "ManagedPolicyArns": [
          {
            "Fn::Join": [
              "",
              [
                "arn:",
                {
                  "Ref": "AWS::Partition",
                },
                ":iam::aws:policy/service-role/AWSLambdaBasicExecutionRole",
              ],
            ],
          },
        ],
      },
      "Type": "AWS::IAM::Role",
    },
    "loadproverbsServiceRoleDefaultPolicy20ACD3FD": {
      "Properties": {
        "PolicyDocument": {
          "Statement": [
            {
              "Action": [
                "dynamodb:BatchGetItem",
                "dynamodb:Query",
                "dynamodb:GetItem",
                "dynamodb:Scan",
                "dynamodb:ConditionCheckItem",
                "dynamodb:BatchWriteItem",
                "dynamodb:PutItem",
                "dynamodb:UpdateItem",
                "dynamodb:DeleteItem",
                "dynamodb:DescribeTable",
              ],
              "Effect": "Allow",
              "Resource": [
                {
                  "Fn::GetAtt": [
                    "proverbsstore7682A597",
                    "Arn",
                  ],
                },
                {
                  "Fn::Join": [
                    "",
                    [
                      {
                        "Fn::GetAtt": [
                          "proverbsstore7682A597",
                          "Arn",
                        ],
                      },
                      "/index/*",
                    ],
                  ],
                },
              ],
            },
            {
              "Action": [
                "dynamodb:GetRecords",
                "dynamodb:GetShardIterator",
              ],
              "Effect": "Allow",
              "Resource": [
                {
                  "Fn::GetAtt": [
                    "proverbsstore7682A597",
                    "Arn",
                  ],
                },
                {
                  "Fn::Join": [
                    "",
                    [
                      {
                        "Fn::GetAtt": [
                          "proverbsstore7682A597",
                          "Arn",
                        ],
                      },
                      "/index/*",
                    ],
                  ],
                },
              ],
            },
          ],
          "Version": "2012-10-17",
        },
        "PolicyName": "loadproverbsServiceRoleDefaultPolicy20ACD3FD",
        "Roles": [
          {
            "Ref": "loadproverbsServiceRole4F1AF3C1",
          },
        ],
      },
      "Type": "AWS::IAM::Policy",
    },
    "proverbforthedayapi6FFFAEB6": {
      "Properties": {
        "Name": "proverb-for-the-day-api",
      },
      "Type": "AWS::ApiGateway::RestApi",
    },
    "proverbforthedayapiAccountA65386A3": {
      "DeletionPolicy": "Retain",
      "DependsOn": [
        "proverbforthedayapi6FFFAEB6",
      ],
      "Properties": {
        "CloudWatchRoleArn": {
          "Fn::GetAtt": [
            "proverbforthedayapiCloudWatchRole735AA893",
            "Arn",
          ],
        },
      },
      "Type": "AWS::ApiGateway::Account",
      "UpdateReplacePolicy": "Retain",
    },
    "proverbforthedayapiCheckUserExistsKey2AE42370": {
      "Properties": {
        "Enabled": true,
        "Name": "check-user-exists-key",
        "StageKeys": [
          {
            "RestApiId": {
              "Ref": "proverbforthedayapi6FFFAEB6",
            },
            "StageName": {
              "Ref": "proverbforthedayapiDeploymentStageprodBEAAC809",
            },
          },
        ],
      },
      "Type": "AWS::ApiGateway::ApiKey",
    },
    "proverbforthedayapiCheckUserExistsUsagePlan4E20988A": {
      "Properties": {
        "ApiStages": [
          {
            "ApiId": {
              "Ref": "proverbforthedayapi6FFFAEB6",
            },
            "Stage": {
              "Ref": "proverbforthedayapiDeploymentStageprodBEAAC809",
            },
            "Throttle": {},
          },
        ],
        "Description": "Rate limiting for check-user-exists endpoint",
        "Quota": {
          "Limit": 10000,
          "Period": "DAY",
        },
        "Throttle": {
          "BurstLimit": 20,
          "RateLimit": 10,
        },
        "UsagePlanName": "check-user-exists-rate-limit",
      },
      "Type": "AWS::ApiGateway::UsagePlan",
    },
    "proverbforthedayapiCheckUserExistsUsagePlanUsagePlanKeyResourceTestStackproverbforthedayapiCheckUserExistsKey6C22F790C815F450": {
      "Properties": {
        "KeyId": {
          "Ref": "proverbforthedayapiCheckUserExistsKey2AE42370",
        },
        "KeyType": "API_KEY",
        "UsagePlanId": {
          "Ref": "proverbforthedayapiCheckUserExistsUsagePlan4E20988A",
        },
      },
      "Type": "AWS::ApiGateway::UsagePlanKey",
    },
    "proverbforthedayapiCloudWatchRole735AA893": {
      "DeletionPolicy": "Retain",
      "Properties": {
        "AssumeRolePolicyDocument": {
          "Statement": [
            {
              "Action": "sts:AssumeRole",
              "Effect": "Allow",
              "Principal": {
                "Service": "apigateway.amazonaws.com",
              },
            },
          ],
          "Version": "2012-10-17",
        },
        "ManagedPolicyArns": [
          {
            "Fn::Join": [
              "",
              [
                "arn:",
                {
                  "Ref": "AWS::Partition",
                },
                ":iam::aws:policy/service-role/AmazonAPIGatewayPushToCloudWatchLogs",
              ],
            ],
          },
        ],
      },
      "Type": "AWS::IAM::Role",
      "UpdateReplacePolicy": "Retain",
    },
    "proverbforthedayapiDeploymentE2EBB5B4514e995a728544047554b32c6227a687": {
      "DependsOn": [
        "proverbforthedayapiversionGET216FF9BC",
        "proverbforthedayapiversion64D0829D",
        "proverbforthedayapiauthcheckuserexistsPOST34090010",
        "proverbforthedayapiauthcheckuserexists32C8E9CA",
        "proverbforthedayapiauthBF92B274",
      ],
      "Metadata": {
        "aws:cdk:do-not-refactor": true,
      },
      "Properties": {
        "Description": "Automatically created by the RestApi construct",
        "RestApiId": {
          "Ref": "proverbforthedayapi6FFFAEB6",
        },
      },
      "Type": "AWS::ApiGateway::Deployment",
    },
    "proverbforthedayapiDeploymentStageprodBEAAC809": {
      "DependsOn": [
        "proverbforthedayapiAccountA65386A3",
      ],
      "Properties": {
        "DeploymentId": {
          "Ref": "proverbforthedayapiDeploymentE2EBB5B4514e995a728544047554b32c6227a687",
        },
        "MethodSettings": [
          {
            "DataTraceEnabled": false,
            "HttpMethod": "*",
            "ResourcePath": "/*",
          },
        ],
        "RestApiId": {
          "Ref": "proverbforthedayapi6FFFAEB6",
        },
        "StageName": "prod",
      },
      "Type": "AWS::ApiGateway::Stage",
    },
    "proverbforthedayapiauthBF92B274": {
      "Properties": {
        "ParentId": {
          "Fn::GetAtt": [
            "proverbforthedayapi6FFFAEB6",
            "RootResourceId",
          ],
        },
        "PathPart": "auth",
        "RestApiId": {
          "Ref": "proverbforthedayapi6FFFAEB6",
        },
      },
      "Type": "AWS::ApiGateway::Resource",
    },
    "proverbforthedayapiauthcheckuserexists32C8E9CA": {
      "Properties": {
        "ParentId": {
          "Ref": "proverbforthedayapiauthBF92B274",
        },
        "PathPart": "check-user-exists",
        "RestApiId": {
          "Ref": "proverbforthedayapi6FFFAEB6",
        },
      },
      "Type": "AWS::ApiGateway::Resource",
    },
    "proverbforthedayapiauthcheckuserexistsPOST34090010": {
      "Properties": {
        "AuthorizationType": "NONE",
        "HttpMethod": "POST",
        "Integration": {
          "IntegrationHttpMethod": "POST",
          "Type": "AWS_PROXY",
          "Uri": {
            "Fn::Join": [
              "",
              [
                "arn:",
                {
                  "Ref": "AWS::Partition",
                },
                ":apigateway:",
                {
                  "Ref": "AWS::Region",
                },
                ":lambda:path/2015-03-31/functions/",
                {
                  "Fn::GetAtt": [
                    "checkuserexists488D9724",
                    "Arn",
                  ],
                },
                "/invocations",
              ],
            ],
          },
        },
        "MethodResponses": [
          {
            "StatusCode": "200",
          },
          {
            "StatusCode": "400",
          },
          {
            "StatusCode": "429",
          },
          {
            "StatusCode": "500",
          },
        ],
        "ResourceId": {
          "Ref": "proverbforthedayapiauthcheckuserexists32C8E9CA",
        },
        "RestApiId": {
          "Ref": "proverbforthedayapi6FFFAEB6",
        },
      },
      "Type": "AWS::ApiGateway::Method",
    },
    "proverbforthedayapiauthcheckuserexistsPOSTApiPermissionTestStackproverbforthedayapi70C10693POSTauthcheckuserexistsE7BB3B0B": {
      "Properties": {
        "Action": "lambda:InvokeFunction",
        "FunctionName": {
          "Fn::GetAtt": [
            "checkuserexists488D9724",
            "Arn",
          ],
        },
        "Principal": "apigateway.amazonaws.com",
        "SourceArn": {
          "Fn::Join": [
            "",
            [
              "arn:",
              {
                "Ref": "AWS::Partition",
              },
              ":execute-api:",
              {
                "Ref": "AWS::Region",
              },
              ":",
              {
                "Ref": "AWS::AccountId",
              },
              ":",
              {
                "Ref": "proverbforthedayapi6FFFAEB6",
              },
              "/",
              {
                "Ref": "proverbforthedayapiDeploymentStageprodBEAAC809",
              },
              "/POST/auth/check-user-exists",
            ],
          ],
        },
      },
      "Type": "AWS::Lambda::Permission",
    },
    "proverbforthedayapiauthcheckuserexistsPOSTApiPermissionTestTestStackproverbforthedayapi70C10693POSTauthcheckuserexists37AD233C": {
      "Properties": {
        "Action": "lambda:InvokeFunction",
        "FunctionName": {
          "Fn::GetAtt": [
            "checkuserexists488D9724",
            "Arn",
          ],
        },
        "Principal": "apigateway.amazonaws.com",
        "SourceArn": {
          "Fn::Join": [
            "",
            [
              "arn:",
              {
                "Ref": "AWS::Partition",
              },
              ":execute-api:",
              {
                "Ref": "AWS::Region",
              },
              ":",
              {
                "Ref": "AWS::AccountId",
              },
              ":",
              {
                "Ref": "proverbforthedayapi6FFFAEB6",
              },
              "/test-invoke-stage/POST/auth/check-user-exists",
            ],
          ],
        },
      },
      "Type": "AWS::Lambda::Permission",
    },
    "proverbforthedayapiversion64D0829D": {
      "Properties": {
        "ParentId": {
          "Fn::GetAtt": [
            "proverbforthedayapi6FFFAEB6",
            "RootResourceId",
          ],
        },
        "PathPart": "{version}",
        "RestApiId": {
          "Ref": "proverbforthedayapi6FFFAEB6",
        },
      },
      "Type": "AWS::ApiGateway::Resource",
    },
    "proverbforthedayapiversionGET216FF9BC": {
      "Properties": {
        "AuthorizationType": "NONE",
        "HttpMethod": "GET",
        "Integration": {
          "IntegrationHttpMethod": "POST",
          "Type": "AWS_PROXY",
          "Uri": {
            "Fn::Join": [
              "",
              [
                "arn:",
                {
                  "Ref": "AWS::Partition",
                },
                ":apigateway:",
                {
                  "Ref": "AWS::Region",
                },
                ":lambda:path/2015-03-31/functions/",
                {
                  "Fn::GetAtt": [
                    "getproverb58091E74",
                    "Arn",
                  ],
                },
                "/invocations",
              ],
            ],
          },
        },
        "ResourceId": {
          "Ref": "proverbforthedayapiversion64D0829D",
        },
        "RestApiId": {
          "Ref": "proverbforthedayapi6FFFAEB6",
        },
      },
      "Type": "AWS::ApiGateway::Method",
    },
    "proverbforthedayapiversionGETApiPermissionTestStackproverbforthedayapi70C10693GETversion668760C7": {
      "Properties": {
        "Action": "lambda:InvokeFunction",
        "FunctionName": {
          "Fn::GetAtt": [
            "getproverb58091E74",
            "Arn",
          ],
        },
        "Principal": "apigateway.amazonaws.com",
        "SourceArn": {
          "Fn::Join": [
            "",
            [
              "arn:",
              {
                "Ref": "AWS::Partition",
              },
              ":execute-api:",
              {
                "Ref": "AWS::Region",
              },
              ":",
              {
                "Ref": "AWS::AccountId",
              },
              ":",
              {
                "Ref": "proverbforthedayapi6FFFAEB6",
              },
              "/",
              {
                "Ref": "proverbforthedayapiDeploymentStageprodBEAAC809",
              },
              "/GET/*",
            ],
          ],
        },
      },
      "Type": "AWS::Lambda::Permission",
    },
    "proverbforthedayapiversionGETApiPermissionTestTestStackproverbforthedayapi70C10693GETversion5670B2F7": {
      "Properties": {
        "Action": "lambda:InvokeFunction",
        "FunctionName": {
          "Fn::GetAtt": [
            "getproverb58091E74",
            "Arn",
          ],
        },
        "Principal": "apigateway.amazonaws.com",
        "SourceArn": {
          "Fn::Join": [
            "",
            [
              "arn:",
              {
                "Ref": "AWS::Partition",
              },
              ":execute-api:",
              {
                "Ref": "AWS::Region",
              },
              ":",
              {
                "Ref": "AWS::AccountId",
              },
              ":",
              {
                "Ref": "proverbforthedayapi6FFFAEB6",
              },
              "/test-invoke-stage/GET/*",
            ],
          ],
        },
      },
      "Type": "AWS::Lambda::Permission",
    },
    "proverbforthedayscheduleA383731F": {
      "Properties": {
        "Name": "proverb-for-the-day-schedule",
        "ScheduleExpression": "cron(0 0 * * ? *)",
        "State": "ENABLED",
        "Targets": [
          {
            "Arn": {
              "Fn::GetAtt": [
                "chooseproverb54249DA0",
                "Arn",
              ],
            },
            "Id": "Target0",
          },
        ],
      },
      "Type": "AWS::Events::Rule",
    },
    "proverbforthedayscheduleAllowEventRuleTestStackchooseproverb44AD85C60A35CFA9": {
      "Properties": {
        "Action": "lambda:InvokeFunction",
        "FunctionName": {
          "Fn::GetAtt": [
            "chooseproverb54249DA0",
            "Arn",
          ],
        },
        "Principal": "events.amazonaws.com",
        "SourceArn": {
          "Fn::GetAtt": [
            "proverbforthedayscheduleA383731F",
            "Arn",
          ],
        },
      },
      "Type": "AWS::Lambda::Permission",
    },
    "proverbsstore7682A597": {
      "DeletionPolicy": "Delete",
      "Properties": {
        "AttributeDefinitions": [
          {
            "AttributeName": "pk",
            "AttributeType": "S",
          },
          {
            "AttributeName": "sk",
            "AttributeType": "S",
          },
          {
            "AttributeName": "gsi1pk",
            "AttributeType": "S",
          },
        ],
        "BillingMode": "PAY_PER_REQUEST",
        "GlobalSecondaryIndexes": [
          {
            "IndexName": "gsi1",
            "KeySchema": [
              {
                "AttributeName": "gsi1pk",
                "KeyType": "HASH",
              },
              {
                "AttributeName": "sk",
                "KeyType": "RANGE",
              },
            ],
            "Projection": {
              "ProjectionType": "ALL",
            },
          },
        ],
        "KeySchema": [
          {
            "AttributeName": "pk",
            "KeyType": "HASH",
          },
          {
            "AttributeName": "sk",
            "KeyType": "RANGE",
          },
        ],
        "TableName": "proverbs-store",
      },
      "Type": "AWS::DynamoDB::Table",
      "UpdateReplacePolicy": "Delete",
    },
  },
  "Rules": {
    "CheckBootstrapVersion": {
      "Assertions": [
        {
          "Assert": {
            "Fn::Not": [
              {
                "Fn::Contains": [
                  [
                    "1",
                    "2",
                    "3",
                    "4",
                    "5",
                  ],
                  {
                    "Ref": "BootstrapVersion",
                  },
                ],
              },
            ],
          },
          "AssertDescription": "CDK bootstrap stack version 6 required. Please run 'cdk bootstrap' with a recent version of the CDK CLI.",
        },
      ],
    },
  },
}
`;
